Test output from script